• Packages in scope: @repo/admin, @repo/db, @repo/env, @repo/eslint-config, @repo/playwright, @repo/storybook, @repo/tailwind-config, @repo/typescript-config, @repo/ui, @repo/utils, @repo/web
• Running test-1 in 11 packages
• Remote caching disabled
@repo/playwright:test-1: cache miss, executing c1457cfc32d9aa3a
@repo/playwright:test-1: 
@repo/playwright:test-1: > @repo/playwright@1.0.0 test-1 /mnt/space/dev/FullStackDevelopment/Assignment2/tests/playwright
@repo/playwright:test-1: > pnpm playwright test --grep "@a1"
@repo/playwright:test-1: 
@repo/playwright:test-1: 
@repo/playwright:test-1: Running 18 tests using 1 worker
@repo/playwright:test-1: 
